// Jest Snapshot v1, https://goo.gl/fbAQLP

exports[`</Button> renders as expected 1`] = `
<button
  className="button-class"
  onClick={[MockFunction]}
  type="button"
>
  Dummy Button
</button>
`;
